BL51 BANKED LINKER/LOCATER V6.22                                                        10/19/2022  12:43:09  PAGE 1


BL51 BANKED LINKER/LOCATER V6.22, INVOKED BY:
E:\LEARNING_51\KEIL5\C51\BIN\BL51.EXE .\Objects\main.obj TO .\Objects\Project PRINT (.\Listings\Project.m51) RAMSIZE (25
>> 6)


MEMORY MODEL: SMALL


INPUT MODULES INCLUDED:
  .\Objects\main.obj (MAIN)
  E:\LEARNING_51\KEIL5\C51\LIB\C51S.LIB (?C_STARTUP)


LINK MAP OF MODULE:  .\Objects\Project (MAIN)


            TYPE    BASE      LENGTH    RELOCATION   SEGMENT NAME
            -----------------------------------------------------

            * * * * * * *   D A T A   M E M O R Y   * * * * * * *
            REG     0000H     0008H     ABSOLUTE     "REG BANK 0"
            DATA    0008H     0001H     UNIT         ?DT?MAIN
            IDATA   0009H     0001H     UNIT         ?STACK

            * * * * * * *   C O D E   M E M O R Y   * * * * * * *
            CODE    0000H     0003H     ABSOLUTE     
            CODE    0003H     0005H     UNIT         ?PR?MAIN?MAIN
                    0008H     0003H                  *** GAP ***
            CODE    000BH     0003H     ABSOLUTE     
            CODE    000EH     0022H     UNIT         ?PR?TIMER0_ROURINE?MAIN
            CODE    0030H     0019H     UNIT         ?PR?TIMER0INIT?MAIN
            CODE    0049H     000CH     UNIT         ?C_C51STARTUP



OVERLAY MAP OF MODULE:   .\Objects\Project (MAIN)


SEGMENT
  +--> CALLED SEGMENT
---------------------
?C_C51STARTUP
  +--> ?PR?MAIN?MAIN

?PR?MAIN?MAIN
  +--> ?PR?TIMER0INIT?MAIN



SYMBOL TABLE OF MODULE:  .\Objects\Project (MAIN)

  VALUE           TYPE          NAME
  ----------------------------------

  -------         MODULE        MAIN
  C:0000H         SYMBOL        _ICE_DUMMY_
  D:00A0H         PUBLIC        P2
  B:00A8H.7       PUBLIC        EA
BL51 BANKED LINKER/LOCATER V6.22                                                      10/19/2022  12:43:09  PAGE 2


  C:0003H         PUBLIC        main
  D:0089H         PUBLIC        TMOD
  B:00A8H.1       PUBLIC        ET0
  B:0088H.5       PUBLIC        TF0
  C:0030H         PUBLIC        Timer0Init
  D:008CH         PUBLIC        TH0
  D:008AH         PUBLIC        TL0
  B:00B8H.1       PUBLIC        PT0
  B:0088H.4       PUBLIC        TR0
  C:000EH         PUBLIC        Timer0_Rourine
  -------         PROC          TIMER0INIT
  C:0030H         LINE#         2
  C:0030H         LINE#         3
  C:0030H         LINE#         4
  C:0033H         LINE#         5
  C:0036H         LINE#         7
  C:0039H         LINE#         8
  C:003CH         LINE#         10
  C:003EH         LINE#         11
  C:0040H         LINE#         13
  C:0042H         LINE#         14
  C:0044H         LINE#         15
  C:0046H         LINE#         16
  C:0048H         LINE#         17
  -------         ENDPROC       TIMER0INIT
  -------         PROC          MAIN
  C:0003H         LINE#         18
  C:0003H         LINE#         19
  C:0003H         LINE#         20
  C:0006H         LINE#         21
  C:0006H         LINE#         22
  C:0006H         LINE#         24
  -------         ENDPROC       MAIN
  -------         PROC          TIMER0_ROURINE
  -------         DO            
  D:0008H         SYMBOL        count
  -------         ENDDO         
  C:000EH         LINE#         28
  C:0012H         LINE#         31
  C:0015H         LINE#         32
  C:0018H         LINE#         33
  C:001AH         LINE#         34
  C:0025H         LINE#         35
  C:0025H         LINE#         36
  C:0028H         LINE#         37
  C:002BH         LINE#         38
  C:002BH         LINE#         39
  -------         ENDPROC       TIMER0_ROURINE
  -------         ENDMOD        MAIN

Program Size: data=10.0 xdata=0 code=82
LINK/LOCATE RUN COMPLETE.  0 WARNING(S),  0 ERROR(S)
