C51 COMPILER V9.54   MAIN                                                                  10/17/2022 19:35:19 PAGE 1   


C51 COMPILER V9.54, COMPILATION OF MODULE MAIN
OBJECT MODULE PLACED IN .\Objects\main.obj
COMPILER INVOKED BY: E:\learning_51\keil5\C51\BIN\C51.EXE main.c OPTIMIZE(8,SPEED) BROWSE DEBUG OBJECTEXTEND PRINT(.\Lis
                    -tings\main.lst) TABS(2) OBJECT(.\Objects\main.obj)

line level    source

   1          #include <REGX52.H>
   2          #include "OneWire.h"
   3          #include "LCD1602.h"
   4          #include "DS18B20.h"
   5          #include "Delay.h"
   6          #include "Key.h"
   7          #include "AT24C02.h"
   8          #include "Timer0.h"
   9          
  10          float T,TShow;
  11          char TLow,THigh;
  12          unsigned char KeyNum;
  13          void main()
  14          {
  15   1        DS18B20_ConvertT();//上电先转换一次温度，防止第一次读数据错误
  16   1        Delay(1000);//等待转换完成
  17   1      
  18   1        THigh=AT24C02_ReadByte(0);//读取温度阈值数据
  19   1        TLow=AT24C02_ReadByte(1);
  20   1        if(THigh>125||TLow<-55||THigh<=TLow)
  21   1        {
  22   2          THigh=25;//如果阈值非法，则设为默认值
  23   2          TLow=15;
  24   2        }
  25   1        LCD_Init();
  26   1        Timer0Init(); 
  27   1        LCD_ShowString(1,1,"T:");
  28   1        LCD_ShowString(2,1,"TH:");
  29   1        LCD_ShowString(2,9,"TL:");
  30   1        LCD_ShowSignedNum(2,4,THigh,3);
  31   1        LCD_ShowSignedNum(2,12 ,TLow,3);  
  32   1        while(1)
  33   1        {
  34   2          KeyNum=Key();
  35   2          /*温度读取及显示*/
  36   2          DS18B20_ConvertT();  //转换温度
  37   2          T=DS18B20_ReadT();  //读取温度
  38   2          if(T<0)  //如果温度小于0
  39   2          {
  40   3            LCD_ShowChar(1,3,'-');
  41   3            TShow=-T;   //将温度变为正数
  42   3          }
  43   2          else
  44   2          {
  45   3            LCD_ShowChar(1,3,'+');
  46   3            TShow=T;
  47   3          }
  48   2          LCD_ShowNum(1,4,TShow,3);   //显示温度整数部分
  49   2          LCD_ShowChar(1,7,'.');      //显示小数点
  50   2          LCD_ShowNum(1,8,(unsigned long)(TShow*10000)%10000,2);   //显示温度小数部分
  51   2          
  52   2          /*阈值判断及显示*/
  53   2          if(KeyNum)
  54   2          {
C51 COMPILER V9.54   MAIN                                                                  10/17/2022 19:35:19 PAGE 2   

  55   3            if(KeyNum==1)
  56   3            {
  57   4              THigh++;
  58   4              if(THigh>125)
  59   4              {
  60   5                THigh=125;
  61   5              }
  62   4            }
  63   3            if(KeyNum==2)
  64   3            {
  65   4              THigh--;
  66   4              if(THigh<=TLow){THigh++;}
  67   4            }
  68   3            if(KeyNum==3)
  69   3            {
  70   4              TLow++;
  71   4              if(TLow>=THigh){TLow--;}
  72   4            }
  73   3            if(KeyNum==4)
  74   3            {
  75   4              TLow--;
  76   4              if(TLow<-55){TLow=-55;}
  77   4            }
  78   3            LCD_ShowSignedNum(2,4,THigh,3);  //显示阈值数据
  79   3            LCD_ShowSignedNum(2,12 ,TLow,3);
  80   3            AT24C02_WriteByte(0,THigh);   //写入到At24C02中保存
  81   3            Delay(5);
  82   3            AT24C02_WriteByte(1,TLow);
  83   3            Delay(5);
  84   3          }
  85   2          
  86   2          if(T>THigh)    //越界判断
  87   2          {
  88   3            LCD_ShowString(1,13,"OV:H");
  89   3          }
  90   2          else if(T<TLow)
  91   2          {
  92   3            LCD_ShowString(1,13,"OV:L");
  93   3          }
  94   2          else
  95   2          {
  96   3            LCD_ShowString(1,13,"    ");
  97   3          }
  98   2        }
  99   1      }
 100          
 101          void Timer0_Rourine() interrupt 1
 102          {
 103   1        static unsigned int T0count;
 104   1        TL0 = 0x66;   //设置定时初值
 105   1        TH0 = 0xFC;   //设置定时初值
 106   1        T0count++;
 107   1        if(T0count>=20)
 108   1        {
 109   2          T0count=0;
 110   2          Key_Loop();   //每20ms调用一次按键驱动函数
 111   2        }
 112   1      }


MODULE INFORMATION:   STATIC OVERLAYABLE
   CODE SIZE        =    625    ----
C51 COMPILER V9.54   MAIN                                                                  10/17/2022 19:35:19 PAGE 3   

   CONSTANT SIZE    =     26    ----
   XDATA SIZE       =   ----    ----
   PDATA SIZE       =   ----    ----
   DATA SIZE        =     13    ----
   IDATA SIZE       =   ----    ----
   BIT SIZE         =   ----    ----
END OF MODULE INFORMATION.


C51 COMPILATION COMPLETE.  0 WARNING(S),  0 ERROR(S)
